// Jest Snapshot v1, https://goo.gl/fbAQLP

exports[`expect Details component to match snapshot 1`] = `null`;
